// Jest Snapshot v1, https://goo.gl/fbAQLP

exports[`InviteeRow renders correctly 1`] = `
<div
  data-stylename="row"
  onClick={[Function]}
>
  <div
    data-stylename="col"
  >
    <div
      data-stylename="avatar"
      style={
        Object {
          "backgroundImage": "url(j.png)",
        }
      }
    />
  </div>
  <div
    data-stylename="col"
  >
    j
  </div>
  <div
    data-stylename="col check"
  >
    <CheckBox
      checked={true}
      noInput={true}
    />
  </div>
</div>
`;
