// Jest Snapshot v1, https://goo.gl/fbAQLP

exports[`presentPost matches the snapshot 1`] = `
Object {
  "attachments": Array [],
  "commenters": Array [],
  "createdTimestamp": "",
  "creator": null,
  "editedTimestamp": null,
  "eventInvitations": Array [
    Object {
      "id": 0,
      "name": "Mr Person",
      "response": "yes",
    },
  ],
  "exactCreatedTimestamp": "Invalid DateTime",
  "exactEditedTimestamp": "Invalid DateTime",
  "fileAttachments": Array [],
  "groups": Array [],
  "id": 324,
  "imageAttachments": Array [],
  "linkPreview": null,
  "location": undefined,
  "members": Array [],
  "pinned": true,
  "proposalOptions": Array [],
  "topics": Array [],
}
`;
