// Jest Snapshot v1, https://goo.gl/fbAQLP

exports[`registerStripeAccount matches snapshot 1`] = `
Object {
  "graphql": Object {
    "query": "mutation ($authorizationCode: String) {
        registerStripeAccount(authorizationCode: $authorizationCode) {
          success
        }
      }",
    "variables": Object {
      "authorizationCode": "anauthorizationcodexyz",
    },
  },
  "meta": Object {
    "authorizationCode": "anauthorizationcodexyz",
  },
  "type": "UserSettings/REGISTER_STRIPE_ACCOUNT",
}
`;

exports[`updateAllMemberships matches snapshot 1`] = `
Object {
  "graphql": Object {
    "query": "mutation UpdateAllMemberships ($data: MembershipInput) {
    updateAllMemberships(data: $data) {
      success
      error
    }
  }",
    "variables": Object {
      "data": Object {
        "settings": Object {
          "sendEmail": true,
        },
      },
    },
  },
  "meta": Object {
    "optimistic": true,
    "settings": Object {
      "sendEmail": true,
    },
  },
  "type": "UserSettings/UPDATE_ALL_MEMBERSHIP_SETTINGS",
}
`;
