// Jest Snapshot v1, https://goo.gl/fbAQLP

exports[`fulfillPost matches last snapshot 1`] = `
Object {
  "graphql": Object {
    "query": "mutation ($postId: ID) {
        fulfillPost (postId: $postId) {
          success
        }
      }",
    "variables": Object {
      "postId": 1,
    },
  },
  "meta": Object {
    "optimistic": true,
    "postId": 1,
  },
  "type": "FULFILL_POST",
}
`;
