// Jest Snapshot v1, https://goo.gl/fbAQLP

exports[`Membership matches last snapshot 1`] = `
<DocumentFragment>
  <div
    class="membership max-w-full"
  >
    <button
      class="rounded-lg bg-background p-2 flex transition-all text-foreground items-center align-center opacity-80 hover:opacity-100 scale-100 hover:scale-105 hover:bg-selected/80"
    >
      <a
        class="text-foreground flex space-x-2"
        href="/groups/bb"
      >
        <div
          class="p-1 bg-background transition-all max-w-full inline-block align-top bg-cover bg-center rounded-full w-5 h-5 min-w-5 border-0"
          role="img"
          style="background-image: url(https://d3ngex8q79bk55.cloudfront.net/misc/default_community_avatar.png);"
        />
        <div
          class="truncate whitespace-nowrap"
        >
          Backyard Birders
        </div>
      </a>
      <div
        class="ml-2 flex flex-row gap-2 roles"
      />
    </button>
  </div>
</DocumentFragment>
`;
