// Jest Snapshot v1, https://goo.gl/fbAQLP

exports[`Membership matches last snapshot 1`] = `
<DocumentFragment>
  <div
    class="odd"
  >
    <button
      class="rounded-lg bg-black/10 flex transition-all text-foreground items-center align-center px-5 h-[40px] opacity-80 hover:opacity-100 scale-100 hover:scale-105 hover:bg-black/20"
    >
      <a
        class="text-foreground flex space-x-2"
        href="/groups/bb"
      >
        <div
          class="image small"
          role="img"
          style="background-image: url(https://d3ngex8q79bk55.cloudfront.net/misc/default_community_avatar.png);"
        />
        <div>
          Backyard Birders
        </div>
      </a>
      <div
        class="ml-2 opacity-20 roles"
      />
    </button>
  </div>
</DocumentFragment>
`;
